
> fishtongue-desktop@0.0.1-phase.0 tauri:build
> tauri build --bundles nsis

        Info Looking up installed tauri packages to check mismatched versions...
     Running beforeBuildCommand `npm run build:desktop`

> fishtongue-desktop@0.0.1-phase.0 build:desktop
> next build

   ▲ Next.js 15.5.15

   Linting and checking validity of types ...
   Creating an optimized production build ...
 ✓ Compiled successfully in 1254ms
   Collecting page data ...
   Generating static pages (0/4) ...
   Generating static pages (1/4)
   Generating static pages (2/4)
   Generating static pages (3/4)
 ✓ Generating static pages (4/4)
   Finalizing page optimization ...
   Collecting build traces ...
   Exporting (0/4) ...
   Exporting (1/4)
   Exporting (2/4)
   Exporting (3/4)
 ✓ Exporting (4/4)

Route (pages)                                Size  First Load JS
┌ ○ /                                       233 B         198 kB
├   /_app                                     0 B        82.3 kB
├ ○ /404                                  1.27 kB        83.6 kB
└ ○ /sc                                     185 B         198 kB
+ First Load JS shared by all             83.8 kB
  ├ chunks/framework-37f3832b4337c515.js  44.8 kB
  ├ chunks/main-4697741d58770740.js       34.3 kB
  └ other shared chunks (total)           4.71 kB

○  (Static)  prerendered as static content

   Compiling proc-macro2 v1.0.107
   Compiling unicode-ident v1.0.24
   Compiling quote v1.0.47
   Compiling serde_core v1.0.229
   Compiling siphasher v1.0.3
   Compiling cfg-if v1.0.4
   Compiling icu_normalizer_data v2.2.0
   Compiling fastrand v2.5.0
   Compiling icu_properties_data v2.2.0
   Compiling stable_deref_trait v1.2.1
   Compiling zmij v1.0.23
   Compiling smallvec v1.15.2
   Compiling thiserror v2.0.19
   Compiling parking_lot_core v0.9.12
   Compiling phf_shared v0.13.1
   Compiling windows-link v0.2.1
   Compiling serde v1.0.229
   Compiling typeid v1.0.3
   Compiling memchr v2.8.3
   Compiling num-conv v0.2.2
   Compiling time-core v0.1.9
   Compiling phf_generator v0.13.1
   Compiling thiserror v1.0.69
   Compiling itoa v1.0.18
   Compiling writeable v0.6.3
   Compiling strsim v0.11.1
   Compiling erased-serde v0.4.10
   Compiling ident_case v1.0.1
   Compiling litemap v0.8.2
   Compiling phf_codegen v0.13.1
   Compiling windows_x86_64_msvc v0.52.6
   Compiling utf8_iter v1.0.4
   Compiling anyhow v1.0.104
   Compiling new_debug_unreachable v1.0.6
   Compiling libc v0.2.189
   Compiling scopeguard v1.2.0
   Compiling version_check v0.9.5
   Compiling lock_api v0.4.14
   Compiling getrandom v0.4.3
   Compiling serde_json v1.0.151
   Compiling precomputed-hash v0.1.1
   Compiling windows-link v0.1.3
   Compiling winnow v1.0.4
   Compiling parking_lot v0.12.5
   Compiling windows-sys v0.61.2
   Compiling ctor-proc-macro v0.0.7
   Compiling syn v2.0.119
   Compiling syn v3.0.3
   Compiling string_cache_codegen v0.6.1
   Compiling toml_parser v1.1.2+spec-1.1.0
   Compiling toml_writer v1.1.2+spec-1.1.0
   Compiling string_cache v0.9.0
   Compiling autocfg v1.5.1
   Compiling shlex v2.0.1
   Compiling log v0.4.33
   Compiling web_atoms v0.2.5
   Compiling percent-encoding v2.3.2
   Compiling dtoa v1.0.11
   Compiling find-msvc-tools v0.1.9
   Compiling form_urlencoded v1.2.2
   Compiling dtoa-short v0.3.5
   Compiling indexmap v1.9.3
   Compiling windows-strings v0.4.2
   Compiling windows-result v0.3.4
   Compiling tendril v0.5.1
   Compiling cc v1.3.0
   Compiling serde_spanned v1.1.1
   Compiling semver v1.0.28
   Compiling toml_datetime v1.1.1+spec-1.1.0
   Compiling uuid v1.24.0
   Compiling selectors v0.36.1
   Compiling aho-corasick v1.1.4
   Compiling camino v1.2.4
   Compiling regex-syntax v0.8.11
   Compiling byteorder v1.5.0
   Compiling unic-common v0.9.0
   Compiling unic-char-range v0.9.0
   Compiling alloc-no-stdlib v2.0.4
   Compiling unic-char-property v0.9.0
   Compiling unic-ucd-version v0.9.0
   Compiling alloc-stdlib v0.2.4
   Compiling winapi-util v0.1.11
   Compiling toml v1.1.3+spec-1.1.0
   Compiling serde_derive v1.0.229
   Compiling thiserror-impl v2.0.19
   Compiling servo_arc v0.4.3
   Compiling vswhom-sys v0.1.3
   Compiling synstructure v0.13.2
   Compiling darling_core v0.23.0
   Compiling serde_derive_internals v0.29.1
   Compiling bitflags v2.13.1
   Compiling regex-automata v0.4.16
   Compiling fnv v1.0.7
   Compiling hashbrown v0.17.1
   Compiling powerfmt v0.2.0
   Compiling bit-vec v0.8.0
   Compiling deranged v0.5.8
   Compiling schemars v0.8.22
   Compiling equivalent v1.0.2
   Compiling hashbrown v0.12.3
   Compiling rustc-hash v2.1.3
   Compiling indexmap v2.14.0
   Compiling bit-set v0.8.0
   Compiling cfb v0.7.3
   Compiling time v0.3.54
   Compiling same-file v1.0.6
   Compiling brotli-decompressor v5.0.3
   Compiling unic-ucd-ident v0.9.0
   Compiling windows-targets v0.52.6
   Compiling regex v1.13.1
   Compiling zerofrom-derive v0.1.7
   Compiling yoke-derive v0.8.2
   Compiling zerovec-derive v0.11.3
   Compiling displaydoc v0.2.6
   Compiling phf_macros v0.13.1
   Compiling thiserror-impl v1.0.69
   Compiling windows-implement v0.60.2
   Compiling darling_macro v0.23.0
   Compiling darling v0.23.0
   Compiling derive_more-impl v2.1.1
   Compiling cssparser-macros v0.6.1
   Compiling phf v0.13.1
   Compiling windows-interface v0.59.3
   Compiling zerofrom v0.1.8
   Compiling jsonptr v0.6.3
   Compiling cargo-platform v0.1.9
   Compiling schemars_derive v0.8.22
   Compiling quick-xml v0.41.0
   Compiling dunce v1.0.5
   Compiling foldhash v0.2.0
   Compiling windows-core v0.61.2
   Compiling derive_more v2.1.1
   Compiling yoke v0.8.3
   Compiling cssparser v0.36.0
   Compiling bytes v1.12.1
   Compiling base64 v0.22.1
   Compiling serde_with_macros v3.21.0
   Compiling dyn-clone v1.0.20
   Compiling markup5ever v0.38.0
   Compiling plist v1.10.0
   Compiling http v1.4.2
   Compiling html5ever v0.38.0
   Compiling cargo_metadata v0.19.2
   Compiling brotli v8.0.4
   Compiling serde-untagged v0.1.9
   Compiling zerovec v0.11.6
   Compiling zerotrie v0.2.4
   Compiling windows-sys v0.59.0
   Compiling walkdir v2.5.0
   Compiling infer v0.19.0
   Compiling serde_with v3.21.0
   Compiling ctor v0.8.0
   Compiling windows-threading v0.1.0
   Compiling generic-array v0.14.7
   Compiling glob v0.3.4
   Compiling vswhom v0.1.0
   Compiling rustc_version v0.4.1
   Compiling json-patch v3.0.1
   Compiling toml_datetime v0.7.5+spec-1.1.0
   Compiling time-macros v0.2.32
   Compiling tinystr v0.8.3
   Compiling potential_utf v0.1.5
   Compiling windows-future v0.2.1
   Compiling icu_locale_core v2.2.0
   Compiling icu_collections v2.2.0
   Compiling windows-collections v0.2.0
   Compiling windows-numerics v0.2.0
   Compiling option-ext v0.2.0
   Compiling dom_query v0.27.0
   Compiling winnow v0.7.15
   Compiling icu_provider v2.2.0
   Compiling icu_normalizer v2.2.0
   Compiling icu_properties v2.2.0
   Compiling typenum v1.20.1
   Compiling winreg v0.55.0
   Compiling simd-adler32 v0.3.10
   Compiling crc32fast v1.5.0
   Compiling embed-resource v3.0.11
   Compiling dirs-sys v0.5.0
   Compiling windows v0.61.3
   Compiling idna_adapter v1.2.2
   Compiling toml v0.9.12+spec-1.1.0
   Compiling idna v1.1.0
   Compiling webview2-com-sys v0.38.2
   Compiling url v2.5.8
   Compiling adler2 v2.0.1
   Compiling crossbeam-utils v0.8.22
   Compiling urlpattern v0.3.0
   Compiling raw-window-handle v0.6.2
   Compiling heck v0.5.0
   Compiling miniz_oxide v0.8.9
   Compiling cargo_toml v0.22.3
   Compiling tauri-utils v2.9.3
   Compiling dirs v6.0.0
   Compiling tauri-winres v0.3.6
   Compiling dpi v0.1.2
   Compiling cookie v0.18.1
   Compiling flate2 v1.1.9
   Compiling block-buffer v0.10.4
   Compiling crypto-common v0.1.7
   Compiling fdeflate v0.3.7
   Compiling webview2-com-macros v0.8.1
   Compiling windows-version v0.1.7
   Compiling pin-project-lite v0.2.17
   Compiling unicode-segmentation v1.13.3
   Compiling bitflags v1.3.2
   Compiling once_cell v1.21.4
   Compiling png v0.17.16
   Compiling digest v0.10.7
   Compiling tauri-build v2.6.3
   Compiling crossbeam-channel v0.5.16
   Compiling wry v0.55.1
   Compiling cpufeatures v0.2.17
   Compiling tracing-core v0.1.36
   Compiling tauri-runtime v2.11.3
   Compiling tracing v0.1.44
   Compiling sha2 v0.10.9
   Compiling ico v0.5.0
   Compiling getrandom v0.3.4
   Compiling tauri-runtime-wry v2.11.4
   Compiling tauri-codegen v2.6.3
   Compiling softbuffer v0.4.8
   Compiling keyboard-types v0.7.0
   Compiling serialize-to-javascript-impl v0.1.2
   Compiling serialize-to-javascript v0.1.2
   Compiling tokio v1.53.1
   Compiling window-vibrancy v0.6.0
   Compiling serde_repr v0.1.21
   Compiling muda v0.19.3
   Compiling mime v0.3.17
   Compiling tauri v2.11.5
   Compiling fishtongue v0.0.1-phase.0 (E:\FishTongue\src-tauri)
   Compiling tauri-macros v2.6.3
   Compiling tao v0.35.3
   Compiling webview2-com v0.38.2
    Finished `release` profile [optimized] target(s) in 3m 38s
       Built application at: E:\FishTongue\src-tauri\target\release\fishtongue.exe
        Info Patching E:\FishTongue\src-tauri\target\release\fishtongue.exe with bundle type information: nsis
        Info Target: x64
     Running makensis to produce E:\FishTongue\src-tauri\target\release\bundle\nsis\FishTongue_0.0.1-phase.0_x64-setup.exe
    Finished 1 bundle at:
        E:\FishTongue\src-tauri\target\release\bundle\nsis\FishTongue_0.0.1-phase.0_x64-setup.exe
